[INFO] Scanning for projects...
[INFO] 
[INFO] ------------------< com.supermall:supermall-backend >-------------------
[INFO] Building supermall-backend 1.0.0
[INFO]   from pom.xml
[INFO] --------------------------------[ jar ]---------------------------------
[INFO] 
[INFO] >>> spring-boot:3.1.5:run (default-cli) > test-compile @ supermall-backend >>>
[INFO] 
[INFO] --- resources:3.3.1:resources (default-resources) @ supermall-backend ---
[INFO] Copying 1 resource from src\main\resources to target\classes
[INFO] Copying 1 resource from src\main\resources to target\classes
[INFO] 
[INFO] --- compiler:3.11.0:compile (default-compile) @ supermall-backend ---
[INFO] Changes detected - recompiling the module! :input tree
[INFO] Compiling 40 source files with javac [debug release 17] to target\classes
[INFO] 
[INFO] --- resources:3.3.1:testResources (default-testResources) @ supermall-backend ---
[INFO] skip non existing resourceDirectory D:\Code\Java\supermall-backend\src\test\resources
[INFO] 
[INFO] --- compiler:3.11.0:testCompile (default-testCompile) @ supermall-backend ---
[INFO] Changes detected - recompiling the module! :dependency
[INFO] Compiling 1 source file with javac [debug release 17] to target\test-classes
[INFO] 
[INFO] <<< spring-boot:3.1.5:run (default-cli) < test-compile @ supermall-backend <<<
[INFO] 
[INFO] 
[INFO] --- spring-boot:3.1.5:run (default-cli) @ supermall-backend ---
[INFO] Attaching agents: []

  .   ____          _            __ _ _
 /\\ / ___'_ __ _ _(_)_ __  __ _ \ \ \ \
( ( )\___ | '_ | '_| | '_ \/ _` | \ \ \ \
 \\/  ___)| |_)| | | | | || (_| |  ) ) ) )
  '  |____| .__|_| |_|_| |_\__, | / / / /
 =========|_|==============|___/=/_/_/_/
 :: Spring Boot ::                (v3.1.5)

2024-12-26T19:35:30.373+08:00  INFO 27464 --- [  restartedMain] c.s.backend.SupermallBackendApplication  : Starting SupermallBackendApplication using Java 23.0.1 with PID 27464 (D:\Code\Java\supermall-backend\target\classes started by 18897 in D:\Code\Java\supermall-backend)
2024-12-26T19:35:30.376+08:00  INFO 27464 --- [  restartedMain] c.s.backend.SupermallBackendApplication  : No active profile set, falling back to 1 default profile: "default"
2024-12-26T19:35:30.425+08:00  INFO 27464 --- [  restartedMain] .e.DevToolsPropertyDefaultsPostProcessor : Devtools property defaults active! Set 'spring.devtools.add-properties' to 'false' to disable
2024-12-26T19:35:30.425+08:00  INFO 27464 --- [  restartedMain] .e.DevToolsPropertyDefaultsPostProcessor : For additional web related logging consider setting the 'logging.level.web' property to 'DEBUG'
2024-12-26T19:35:31.308+08:00  INFO 27464 --- [  restartedMain] o.s.b.w.embedded.tomcat.TomcatWebServer  : Tomcat initialized with port(s): 8081 (http)
2024-12-26T19:35:31.315+08:00  INFO 27464 --- [  restartedMain] o.apache.catalina.core.StandardService   : Starting service [Tomcat]
2024-12-26T19:35:31.315+08:00  INFO 27464 --- [  restartedMain] o.apache.catalina.core.StandardEngine    : Starting Servlet engine: [Apache Tomcat/10.1.15]
2024-12-26T19:35:31.357+08:00  INFO 27464 --- [  restartedMain] o.a.c.c.C.[Tomcat].[localhost].[/]       : Initializing Spring embedded WebApplicationContext
2024-12-26T19:35:31.358+08:00  INFO 27464 --- [  restartedMain] w.s.c.ServletWebServerApplicationContext : Root WebApplicationContext: initialization completed in 932 ms
Logging initialized using 'class org.apache.ibatis.logging.stdout.StdOutImpl' adapter.
Registered plugin: 'com.baomidou.mybatisplus.extension.plugins.MybatisPlusInterceptor@1201e8a5'
Property 'mapperLocations' was not specified.
 _ _   |_  _ _|_. ___ _ |    _ 
| | |\/|_)(_| | |_\  |_)||_|_\ 
     /               |         
                        3.5.3.1 
2024-12-26T19:35:32.333+08:00  INFO 27464 --- [  restartedMain] o.s.s.web.DefaultSecurityFilterChain     : Will secure any request with [org.springframework.security.web.session.DisableEncodeUrlFilter@7aa74bc8, org.springframework.security.web.context.request.async.WebAsyncManagerIntegrationFilter@76de9c13, org.springframework.security.web.context.SecurityContextHolderFilter@4a022162, org.springframework.security.web.header.HeaderWriterFilter@6f9f4922, org.springframework.web.filter.CorsFilter@5c3e6019, org.springframework.security.web.authentication.logout.LogoutFilter@203309, com.supermall.backend.security.filter.JwtAuthenticationTokenFilter@3f6439be, org.springframework.security.web.savedrequest.RequestCacheAwareFilter@100388dd, org.springframework.security.web.servletapi.SecurityContextHolderAwareRequestFilter@41a233e2, org.springframework.security.web.authentication.AnonymousAuthenticationFilter@ff23f98, org.springframework.security.web.session.SessionManagementFilter@176e21ec, org.springframework.security.web.access.ExceptionTranslationFilter@2072f78, org.springframework.security.web.access.intercept.AuthorizationFilter@699cbd22]
2024-12-26T19:35:32.491+08:00  WARN 27464 --- [  restartedMain] o.s.b.d.a.OptionalLiveReloadServer       : Unable to start LiveReload server
2024-12-26T19:35:32.506+08:00  WARN 27464 --- [  restartedMain] ConfigServletWebServerApplicationContext : Exception encountered during context initialization - cancelling refresh attempt: org.springframework.context.ApplicationContextException: Failed to start bean 'webServerStartStop'
2024-12-26T19:35:32.510+08:00  INFO 27464 --- [  restartedMain] o.apache.catalina.core.StandardService   : Stopping service [Tomcat]
2024-12-26T19:35:32.516+08:00  INFO 27464 --- [  restartedMain] .s.b.a.l.ConditionEvaluationReportLogger : 

Error starting ApplicationContext. To display the condition evaluation report re-run your application with 'debug' enabled.
2024-12-26T19:35:32.526+08:00 ERROR 27464 --- [  restartedMain] o.s.b.d.LoggingFailureAnalysisReporter   : 

***************************
APPLICATION FAILED TO START
***************************

Description:

Web server failed to start. Port 8081 was already in use.

Action:

Identify and stop the process that's listening on port 8081 or configure this application to listen on another port.

[INFO] ------------------------------------------------------------------------
[INFO] BUILD SUCCESS
[INFO] ------------------------------------------------------------------------
[INFO] Total time:  7.856 s
[INFO] Finished at: 2024-12-26T19:35:32+08:00
[INFO] ------------------------------------------------------------------------
